PASS  fixture: five credential rows, one of them an orphan with no instance?
PASS  fixture: the procedures are the real ones (WITH EXECUTE AS OWNER) and the database has an owner?
PASS  reader: the catalogue lists the three instances with the right configured flags?
PASS  reader: four runtime rows, decrypted through the certificate, equal to the values that were encrypted?
PASS  reader: the orphan credential (no instance) is not readable through this path and is not returned?
PASS  reader: the three rule tables are read with id, IsSensitive and template?
PASS  reader: it only reads (the credential table is unchanged)?
PASS  reader: a database that does not exist is a code with the SQL error number and no message text?
PASS  reader: a missing SQL client is SQLCLIENT_MISSING?
PASS  plan: Ok, seven entries (four credentials and three rule secrets), counts 2,1,1,3?
PASS  import: seven secrets in a real vault, saved, every fingerprint matches?
PASS  import: the value read through the certificate is what the vault holds?
PASS  import: a name=value rule keeps only the value?
PASS  verify: a fresh read of the unchanged source matches all seven?
PASS  verify: a credential rotated in the source is MISMATCH for that reference only?
PASS  reader: a ciphertext that cannot be decrypted comes back as a null value (the proc returns NULL)?
PASS  plan: it is a failure NULL_SECRET with the reference?
PASS  import: all or nothing - with one credential that cannot be read nothing is saved and the vault is byte-identical?
PASS  script: a dry run with a credential that cannot be read is exit 1 and names the reference?
PASS  script: the default mode is a dry run: exit 0, the counts per kind, nothing written?
PASS  script: with no -Mode it is a DryRun (the safe default)?
PASS  script: Import is exit 0, saved, and the report counts match?
PASS  script: Verify of the unchanged source is exit 0?
PASS  script: a second Import without -Replace is exit 1 with SECRET_EXISTS?
PASS  script: with -Replace the import is exit 0?
PASS  script: without a passphrase source it fails before any secret is read?
PASS  script: a wrong vault passphrase is VAULT_OPEN and no secret is read?
PASS  script: a database that does not exist is exit 1 with a code and no SQL text?
PASS  hygiene: no marker value and no passphrase in any output of the script?
PASS  script: the vault written by the script holds the seven secrets and the values?
PASS  source: the script runs (DryRun, Import, Verify, refused attempts) left the credential table exactly as it was (read only)?
?
Passed: 31  Failed: 0?
