PASS  direct valid PREVIEW JSON retains every required request field?
PASS  direct valid PREVIEW JSON stays below the request limit?
PASS  synthetic catalog path is fully qualified and exists before child launch?
PASS  direct valid PREVIEW envelope is accepted by the engine?
PASS  direct valid PREVIEW keeps stdout and stderr silent?
PASS  READ_ONLY preflight succeeds on the complete synthetic model?
PASS  READ_ONLY preflight returns PREVIEW mode?
PASS  PREVIEW leaves managed filesystem byte-identical?
PASS  catalog build time is INFO only?
PASS  normalized result arithmetic is valid?
PASS  the result says the coverage of the original reviews is incomplete (INFO)?
PASS  an optional file that is not deployed is not reported as missing (cfg_ConfigFile.IsRequired)?
PASS  an unassigned QR asset is INFO, as in the original review?
PASS  an instance whose customer has its QR_CHANNEL_<CustomerCode> asset has no missing-asset issue?
PASS  canary A absent from normalized result?
PASS  canary B absent from normalized result?
PASS  missing IIS identity credential is an ERROR?
PASS  a missing Web Access credential is WEB_ACCESS_PASSWORD_MISSING, an ERROR for that instance (as in the original review)?
PASS  missing credential run still does not alter managed filesystem?
PASS  READ_ONLY engine cannot be invoked as APPLY through host?
PASS  a missing QR asset is a WARNING, for an enabled PT or ES instance with a customer code only, and codes are compared exactly (customer c1 does not match QR_CHANNEL_C1)?
PASS  failedTargets counts every instance with an error, not just one?
DIAG  path-escape: errorMessage=PREFLIGHT_ERRORS; exitCode=1; summary={"targetCount":1,"succeededTargets":0,"failedTargets":1,"warningCount":0,"errorCount":1}?
DIAG  path-escape:   ERROR REQUIRED_PATH_OUTSIDE_ROOT:3 [INST1] [APPLICATION_TREE]?
PASS  a required file whose path leaves the application folder is REQUIRED_PATH_OUTSIDE_ROOT, even if a file exists there?
DIAG  access-denied: errorMessage=PREFLIGHT_ERRORS; exitCode=1; summary={"targetCount":1,"succeededTargets":0,"failedTargets":1,"warningCount":0,"errorCount":1}?
DIAG  access-denied:   ERROR PATH_ACCESS_DENIED:4 [INST1] [APPLICATION_TREE]?
PASS  a file in a folder that cannot be read is PATH_ACCESS_DENIED for that item and the run still completes?
DIAG  tampered-module: errorMessage=PREFLIGHT_ERRORS; exitCode=1; summary={"targetCount":1,"succeededTargets":0,"failedTargets":1,"warningCount":0,"errorCount":1}?
DIAG  tampered-module:   ERROR PREFLIGHT_INTERNAL_ERROR [] [PREFLIGHT]?
PASS  a catalog module that no longer matches the manifest is not imported (the run fails before reading the catalog)?
PASS  invalid request exits 2?
PASS  invalid request emits no stdout/stderr data?
PASS  direct APPLY request is invalid for READ_ONLY engine and exits 2?
PASS  direct APPLY rejection is silent?
PASS  canary values are absent from package and managed files?
INFO cleanup deferred: Access to the path 'C:\Users\runneradmin\AppData\Local\Temp\sisqual-preflight-4fa8fb7cc1814445b428a596c16a1a05\package\runtime\sqlite-provider\e_sqlite3.dll' is denied.?
SUMMARY: 30 passed, 0 failed?
